===== Targeted Sync Evidence: 2025-11-12 =====

>> python -m tools.targeted_sync --latest 2 --dry-run --yes
Targeted sync configuration:
  Workspace: C:\Users\Admin\high_command_ai_0
  Categories: orders
  Orders subpath: (none)
  Latest: 2
  Quiet mode: on
  Dry run: yes
Would copy C:\Users\Admin\high_command_ai_0\outbox\orders\order-2025-11-07-044.json -> C:\Users\Admin\high_command_exchange\orders\order-2025-11-07-044.json
Would copy C:\Users\Admin\high_command_ai_0\outbox\orders\order-2025-11-09-045.json -> C:\Users\Admin\high_command_exchange\orders\order-2025-11-09-045.json
[OK] Planned 2 orders file(s) to C:\Users\Admin\high_command_exchange\orders
 Local exchange sync complete.
Dry-run completed; verify plan above.

>> python -m tools.targeted_sync --latest 1 --yes
Targeted sync configuration:
  Workspace: C:\Users\Admin\high_command_ai_0
  Categories: orders
  Orders subpath: (none)
  Latest: 1
  Quiet mode: on
  Dry run: no
Copied C:\Users\Admin\high_command_ai_0\outbox\orders\order-2025-11-09-045.json -> C:\Users\Admin\high_command_exchange\orders\order-2025-11-09-045.json
[OK] Synced 1 orders file(s) to C:\Users\Admin\high_command_exchange\orders
 Local exchange sync complete.
Targeted sync complete.

